// Jest Snapshot v1, https://goo.gl/fbAQLP

exports[`Should render component on container 1`] = `"Metrics"`;
