// Jest Snapshot v1, https://goo.gl/fbAQLP

exports[`Should render component 1`] = `
<div
  className="table-responsive"
>
  <table
    className="show-quick-actions-on-hover table table-fixed table-heading-nowrap table-hover table-list"
  >
    <thead>
      <tr>
        <th
          style={
            Object {
              "width": "5%",
            }
          }
        />
        <th
          className="table-head-title"
          style={
            Object {
              "width": "10%",
            }
          }
        >
          id
        </th>
        <th
          className="table-cell-expand table-head-title"
          style={
            Object {
              "width": "30%",
            }
          }
        >
          item-subject
        </th>
        <th
          className="table-head-title"
          style={
            Object {
              "width": "25%",
            }
          }
        >
          process-step
        </th>
        <th
          className="table-head-title"
          style={
            Object {
              "width": "15%",
            }
          }
        >
          created-by
        </th>
        <th
          className="pr-4 table-head-title text-right"
          style={
            Object {
              "width": "15%",
            }
          }
        >
          creation-date
        </th>
      </tr>
    </thead>
    <tbody>
      <tr>
        <td>
          <span
            className="mr-3 sticker sticker-sm bg-success-light"
          >
            <span
              className="inline-item"
            >
              <svg
                className="lexicon-icon lexicon-icon-check-circle text-success"
                dangerouslySetInnerHTML={
                  Object {
                    "__html": "<use xlink:href=\\"http://localhost:8080/o/admin-theme/images/lexicon/icons.svg#check-circle\\" />",
                  }
                }
                focusable="false"
                role="presentation"
              />
            </span>
          </span>
        </td>
        <td
          className="lfr-title-column table-title"
        >
          <a
            data-target="#instanceDetailModal"
            data-toggle="modal"
            href="javascript:;"
            onClick={[Function]}
            tabIndex="-1"
          >
            <strong>
              12351
            </strong>
          </a>
        </td>
        <td>
          Process: Item Subject Test
        </td>
        <td>
          Step 1, Step 2, Step 3
        </td>
        <td>
          User Test
        </td>
        <td
          className="pr-4 text-right"
        >
          Feb 01, 12:00 AM
        </td>
      </tr>
      <tr>
        <td>
          <span
            className="mr-3 sticker sticker-sm bg-danger-light"
          >
            <span
              className="inline-item"
            >
              <svg
                className="lexicon-icon lexicon-icon-exclamation-circle text-danger"
                dangerouslySetInnerHTML={
                  Object {
                    "__html": "<use xlink:href=\\"http://localhost:8080/o/admin-theme/images/lexicon/icons.svg#exclamation-circle\\" />",
                  }
                }
                focusable="false"
                role="presentation"
              />
            </span>
          </span>
        </td>
        <td
          className="lfr-title-column table-title"
        >
          <a
            data-target="#instanceDetailModal"
            data-toggle="modal"
            href="javascript:;"
            onClick={[Function]}
            tabIndex="-1"
          >
            <strong>
              12351
            </strong>
          </a>
        </td>
        <td>
          Process: Item Subject Test 2
        </td>
        <td>
          Step 1, Step 2
        </td>
        <td>
          User Test
        </td>
        <td
          className="pr-4 text-right"
        >
          Feb 02, 12:00 AM
        </td>
      </tr>
      <tr>
        <td>
          <span
            className="mr-3 sticker sticker-sm bg-info-light"
          >
            <span
              className="inline-item"
            >
              <svg
                className="lexicon-icon lexicon-icon-hr text-info"
                dangerouslySetInnerHTML={
                  Object {
                    "__html": "<use xlink:href=\\"http://localhost:8080/o/admin-theme/images/lexicon/icons.svg#hr\\" />",
                  }
                }
                focusable="false"
                role="presentation"
              />
            </span>
          </span>
        </td>
        <td
          className="lfr-title-column table-title"
        >
          <a
            data-target="#instanceDetailModal"
            data-toggle="modal"
            href="javascript:;"
            onClick={[Function]}
            tabIndex="-1"
          >
            <strong>
              12351
            </strong>
          </a>
        </td>
        <td>
          Process: Item Subject Test 3
        </td>
        <td>
          completed
        </td>
        <td>
          User Test
        </td>
        <td
          className="pr-4 text-right"
        >
          Feb 03, 12:00 AM
        </td>
      </tr>
      <tr>
        <td />
        <td
          className="lfr-title-column table-title"
        >
          <a
            data-target="#instanceDetailModal"
            data-toggle="modal"
            href="javascript:;"
            onClick={[Function]}
            tabIndex="-1"
          >
            <strong>
              12351
            </strong>
          </a>
        </td>
        <td>
          Process: Item Subject Test 4
        </td>
        <td>
          completed
        </td>
        <td>
          User Test
        </td>
        <td
          className="pr-4 text-right"
        >
          Feb 04, 12:00 AM
        </td>
      </tr>
    </tbody>
  </table>
</div>
`;
