// Jest Snapshot v1, https://goo.gl/fbAQLP

exports[`Should render component 1`] = `
<div
  className="pagination-bar"
>
  <div
    className="dropdown pagination-items-per-page"
  >
    <a
      aria-expanded="false"
      aria-haspopup="true"
      className="dropdown-toggle"
      data-toggle="dropdown"
      href="#1"
      role="button"
    >
      5 Entries
      <svg
        className="lexicon-icon lexicon-icon-caret-double-l"
        focusable="false"
        role="presentation"
      >
        <use
          href="http://localhost:8080/o/admin-theme/images/lexicon/icons.svg#caret-double-l"
        />
      </svg>
    </a>
    <div
      className="dropdown-menu dropdown-menu-top"
    >
      <a
        className="dropdown-item"
        href="/?backPath=%2F"
        onClick={[Function]}
      >
        5
      </a>
      <a
        className="dropdown-item"
        href="/?backPath=%2F"
        onClick={[Function]}
      >
        10
      </a>
      <a
        className="dropdown-item"
        href="/?backPath=%2F"
        onClick={[Function]}
      >
        20
      </a>
      <a
        className="dropdown-item"
        href="/?backPath=%2F"
        onClick={[Function]}
      >
        30
      </a>
      <a
        className="dropdown-item"
        href="/?backPath=%2F"
        onClick={[Function]}
      >
        50
      </a>
      <a
        className="dropdown-item"
        href="/?backPath=%2F"
        onClick={[Function]}
      >
        75
      </a>
    </div>
  </div>
  <div
    className="pagination-results"
  >
    Showing 1 to 5 of 22 entries.
  </div>
  <ul
    className="pagination pull-right"
  >
    <li
      className="page-item disabled"
    >
      <a
        className="page-link"
        href="javascript:;"
      >
        <svg
          className="lexicon-icon lexicon-icon-angle-left"
          focusable="false"
          role="presentation"
        >
          <use
            href="http://localhost:8080/o/admin-theme/images/lexicon/icons.svg#angle-left"
          />
        </svg>
        <span
          className="sr-only"
        >
          Previous
        </span>
      </a>
    </li>
    <li
      className="page-item active"
    >
      <a
        className="page-link"
        href="/?backPath=%2F"
        onClick={[Function]}
      >
        1
      </a>
    </li>
    <li
      className="page-item"
    >
      <a
        className="page-link"
        href="/?backPath=%2F"
        onClick={[Function]}
      >
        2
      </a>
    </li>
    <li
      className="page-item"
    >
      <a
        className="page-link"
        href="/?backPath=%2F"
        onClick={[Function]}
      >
        <svg
          className="lexicon-icon lexicon-icon-angle-right"
          focusable="false"
          role="presentation"
        >
          <use
            href="http://localhost:8080/o/admin-theme/images/lexicon/icons.svg#angle-right"
          />
        </svg>
        <span
          className="sr-only"
        >
          Next
        </span>
      </a>
    </li>
  </ul>
</div>
`;

exports[`Should render component with total count minor than last page 1`] = `
<div
  className="pagination-bar"
/>
`;
