// Jest Snapshot v1, https://goo.gl/fbAQLP

exports[`Should render component 1`] = `
<div
  className="table-responsive"
>
  <table
    className="show-quick-actions-on-hover table table-autofit table-heading-nowrap table-hover table-list"
  >
    <thead>
      <tr>
        <th
          className="table-cell-expand table-head-title"
          style={
            Object {
              "width": "70%",
            }
          }
        >
          <a
            className="inline-item text-truncate-inline"
            href="/?backPath=%2F"
            onClick={[Function]}
          >
            <span
              className="text-truncate"
              data-title="Process Name"
              title="Process Name"
            >
              Process Name
            </span>
            <span
              className="inline-item inline-item-after"
            >
              <svg
                className="lexicon-icon lexicon-icon-order-arrow-down"
                focusable="false"
                role="presentation"
              >
                <use
                  href="http://localhost:8080/o/admin-theme/images/lexicon/icons.svg#order-arrow-down"
                />
              </svg>
            </span>
          </a>
        </th>
        <th
          className="table-cell-expand table-head-title"
          style={
            Object {
              "width": "15%",
            }
          }
        >
          <a
            className="inline-item text-truncate-inline"
            href="/?backPath=%2F"
            onClick={[Function]}
          >
            <span
              className="text-truncate"
              data-title="Overdue"
              title="Overdue"
            >
              Overdue
            </span>
            <span
              className="inline-item inline-item-after"
            >
              <svg
                className="lexicon-icon lexicon-icon-order-arrow-down"
                focusable="false"
                role="presentation"
              >
                <use
                  href="http://localhost:8080/o/admin-theme/images/lexicon/icons.svg#order-arrow-down"
                />
              </svg>
            </span>
          </a>
        </th>
        <th
          className="table-cell-expand table-head-title"
          style={
            Object {
              "width": "15%",
            }
          }
        >
          <a
            className="inline-item text-truncate-inline"
            href="/?backPath=%2F"
            onClick={[Function]}
          >
            <span
              className="text-truncate"
              data-title="On Time"
              title="On Time"
            >
              On Time
            </span>
            <span
              className="inline-item inline-item-after"
            >
              <svg
                className="lexicon-icon lexicon-icon-order-arrow-down"
                focusable="false"
                role="presentation"
              >
                <use
                  href="http://localhost:8080/o/admin-theme/images/lexicon/icons.svg#order-arrow-down"
                />
              </svg>
            </span>
          </a>
        </th>
        <th
          className="table-cell-expand table-head-title"
          style={
            Object {
              "width": "15%",
            }
          }
        >
          <a
            className="inline-item text-truncate-inline"
            href="/?backPath=%2F"
            onClick={[Function]}
          >
            <span
              className="text-truncate"
              data-title="Total Pending"
              title="Total Pending"
            >
              Total Pending
            </span>
            <span
              className="inline-item inline-item-after"
            >
              <svg
                className="lexicon-icon lexicon-icon-order-arrow-down"
                focusable="false"
                role="presentation"
              >
                <use
                  href="http://localhost:8080/o/admin-theme/images/lexicon/icons.svg#order-arrow-down"
                />
              </svg>
            </span>
          </a>
        </th>
        <th />
      </tr>
    </thead>
    <tbody>
      <tr>
        <td
          className="table-cell-expand table-cell-minw-200 table-title lfr-title-column"
        >
          <a
            href="/process-dashboard/36401?backPath=%2Fprocesses%2F1%2F10%2Ftitle%253Aasc%3FbackPath%3D%252F"
            onClick={[Function]}
          >
            <span>
              test
            </span>
          </a>
        </td>
        <td>
          -
        </td>
        <td>
          -
        </td>
        <td>
          -
        </td>
        <td>
          <div
            className="dropdown dropdown-action"
          >
            <a
              aria-expanded="false"
              aria-haspopup="true"
              className="component-action dropdown-toggle"
              data-toggle="dropdown"
              href="#1"
              id="dropdownAction1"
              role="button"
            >
              <svg
                className="lexicon-icon lexicon-icon-ellipsis-v"
                focusable="false"
                role="presentation"
              >
                <use
                  href="http://localhost:8080/o/admin-theme/images/lexicon/icons.svg#ellipsis-v"
                />
              </svg>
            </a>
            <ul
              aria-labelledby=""
              className="dropdown-menu dropdown-menu-right"
            >
              <li>
                <a
                  className="dropdown-item"
                  href="/slas/36401/20/1?backPath=%2Fprocesses%2F1%2F10%2Ftitle%253Aasc%3FbackPath%3D%252F"
                  onClick={[Function]}
                >
                  Set Up SLAs
                </a>
              </li>
            </ul>
          </div>
        </td>
      </tr>
    </tbody>
  </table>
</div>
`;
