// Jest Snapshot v1, https://goo.gl/fbAQLP

exports[`Should render component with 1 instance count 1`] = `
<tr>
  <td
    className="table-cell-expand table-cell-minw-200 table-title lfr-title-column"
  >
    <a
      href="/metrics/36401?backPath=%2Fprocesses%2F1%2F10%2Ftitle%253Aasc%3FbackPath%3D%252F"
      onClick={[Function]}
    >
      <span>
        Process test
      </span>
    </a>
  </td>
  <td>
    5
  </td>
  <td>
    5
  </td>
  <td>
    1
  </td>
</tr>
`;

exports[`Should render component with one list item 1`] = `
<tr>
  <td
    className="table-cell-expand table-cell-minw-200 table-title lfr-title-column"
  >
    <a
      href="/metrics/36401?backPath=%2Fprocesses%2F1%2F10%2Ftitle%253Aasc%3FbackPath%3D%252F"
      onClick={[Function]}
    >
      <span>
        Process test
      </span>
    </a>
  </td>
  <td>
    5
  </td>
  <td>
    5
  </td>
  <td>
    10
  </td>
</tr>
`;
