// Jest Snapshot v1, https://goo.gl/fbAQLP

exports[`ProcessDashboard Should render component 1`] = `
<span
  aria-hidden="true"
  className="loading-animation"
/>
`;
