// Jest Snapshot v1, https://goo.gl/fbAQLP

exports[`Field Radio has a helptext 1`] = `
<div>
  <div
    class="form-group hide"
    data-field-name="radioField"
  >
    <legend
      class="lfr-ddm-legend"
    />
    <div
      class="ddm-radio"
    >
      <div
        class="custom-control custom-radio"
      >
        <label>
          <input
            class="custom-control-input"
            name="radioField"
            role="radio"
            type="radio"
            value="option1"
          />
          <span
            class="custom-control-label"
          >
            <span
              class="custom-control-label-text"
            >
              Option 1
            </span>
          </span>
        </label>
      </div>
      <div
        class="custom-control custom-radio"
      >
        <label>
          <input
            class="custom-control-input"
            name="radioField"
            role="radio"
            type="radio"
            value="option2"
          />
          <span
            class="custom-control-label"
          >
            <span
              class="custom-control-label-text"
            >
              Option 2
            </span>
          </span>
        </label>
      </div>
    </div>
    <span
      class="form-text"
    >
      Type something
    </span>
  </div>
</div>
`;

exports[`Field Radio has a label 1`] = `
<div>
  <div
    class="form-group hide"
    data-field-name="radioField"
  >
    <legend
      class="lfr-ddm-legend"
    >
      label
    </legend>
    <div
      class="ddm-radio"
    >
      <div
        class="custom-control custom-radio"
      >
        <label>
          <input
            class="custom-control-input"
            name="radioField"
            role="radio"
            type="radio"
            value="option1"
          />
          <span
            class="custom-control-label"
          >
            <span
              class="custom-control-label-text"
            >
              Option 1
            </span>
          </span>
        </label>
      </div>
      <div
        class="custom-control custom-radio"
      >
        <label>
          <input
            class="custom-control-input"
            name="radioField"
            role="radio"
            type="radio"
            value="option2"
          />
          <span
            class="custom-control-label"
          >
            <span
              class="custom-control-label-text"
            >
              Option 2
            </span>
          </span>
        </label>
      </div>
    </div>
  </div>
</div>
`;

exports[`Field Radio has a placeholder 1`] = `
<div>
  <div
    class="form-group hide"
    data-field-name="radioField"
  >
    <legend
      class="lfr-ddm-legend"
    />
    <div
      class="ddm-radio"
    >
      <div
        class="custom-control custom-radio"
      >
        <label>
          <input
            class="custom-control-input"
            name="radioField"
            role="radio"
            type="radio"
            value="option1"
          />
          <span
            class="custom-control-label"
          >
            <span
              class="custom-control-label-text"
            >
              Option 1
            </span>
          </span>
        </label>
      </div>
      <div
        class="custom-control custom-radio"
      >
        <label>
          <input
            class="custom-control-input"
            name="radioField"
            role="radio"
            type="radio"
            value="option2"
          />
          <span
            class="custom-control-label"
          >
            <span
              class="custom-control-label-text"
            >
              Option 2
            </span>
          </span>
        </label>
      </div>
    </div>
  </div>
</div>
`;

exports[`Field Radio has a value 1`] = `
<div>
  <div
    class="form-group hide"
    data-field-name="radioField"
  >
    <legend
      class="lfr-ddm-legend"
    />
    <div
      class="ddm-radio"
    >
      <div
        class="custom-control custom-radio"
      >
        <label>
          <input
            class="custom-control-input"
            name="radioField"
            role="radio"
            type="radio"
            value="option1"
          />
          <span
            class="custom-control-label"
          >
            <span
              class="custom-control-label-text"
            >
              Option 1
            </span>
          </span>
        </label>
      </div>
      <div
        class="custom-control custom-radio"
      >
        <label>
          <input
            class="custom-control-input"
            name="radioField"
            role="radio"
            type="radio"
            value="option2"
          />
          <span
            class="custom-control-label"
          >
            <span
              class="custom-control-label-text"
            >
              Option 2
            </span>
          </span>
        </label>
      </div>
    </div>
  </div>
</div>
`;

exports[`Field Radio has an id 1`] = `
<div>
  <div
    class="form-group hide"
    data-field-name="radioField"
  >
    <legend
      class="lfr-ddm-legend"
    />
    <div
      class="ddm-radio"
    >
      <div
        class="custom-control custom-radio"
      >
        <label>
          <input
            class="custom-control-input"
            name="radioField"
            role="radio"
            type="radio"
            value="option1"
          />
          <span
            class="custom-control-label"
          >
            <span
              class="custom-control-label-text"
            >
              Option 1
            </span>
          </span>
        </label>
      </div>
      <div
        class="custom-control custom-radio"
      >
        <label>
          <input
            class="custom-control-input"
            name="radioField"
            role="radio"
            type="radio"
            value="option2"
          />
          <span
            class="custom-control-label"
          >
            <span
              class="custom-control-label-text"
            >
              Option 2
            </span>
          </span>
        </label>
      </div>
    </div>
  </div>
</div>
`;

exports[`Field Radio is not editable 1`] = `
<div>
  <div
    class="form-group hide"
    data-field-name="radioField"
  >
    <legend
      class="lfr-ddm-legend"
    />
    <div
      class="ddm-radio"
    >
      <div
        class="custom-control custom-radio"
      >
        <label>
          <input
            class="custom-control-input"
            disabled=""
            name="radioField"
            role="radio"
            type="radio"
            value="option1"
          />
          <span
            class="custom-control-label"
          >
            <span
              class="custom-control-label-text"
            >
              Option 1
            </span>
          </span>
        </label>
      </div>
      <div
        class="custom-control custom-radio"
      >
        <label>
          <input
            class="custom-control-input"
            disabled=""
            name="radioField"
            role="radio"
            type="radio"
            value="option2"
          />
          <span
            class="custom-control-label"
          >
            <span
              class="custom-control-label-text"
            >
              Option 2
            </span>
          </span>
        </label>
      </div>
    </div>
  </div>
</div>
`;

exports[`Field Radio is not required 1`] = `
<div>
  <div
    class="form-group hide"
    data-field-name="radioField"
  >
    <legend
      class="lfr-ddm-legend"
    />
    <div
      class="ddm-radio"
    >
      <div
        class="custom-control custom-radio"
      >
        <label>
          <input
            class="custom-control-input"
            name="radioField"
            role="radio"
            type="radio"
            value="option1"
          />
          <span
            class="custom-control-label"
          >
            <span
              class="custom-control-label-text"
            >
              Option 1
            </span>
          </span>
        </label>
      </div>
      <div
        class="custom-control custom-radio"
      >
        <label>
          <input
            class="custom-control-input"
            name="radioField"
            role="radio"
            type="radio"
            value="option2"
          />
          <span
            class="custom-control-label"
          >
            <span
              class="custom-control-label-text"
            >
              Option 2
            </span>
          </span>
        </label>
      </div>
    </div>
  </div>
</div>
`;

exports[`Field Radio renders Label if showLabel is true 1`] = `
<div>
  <div
    class="form-group hide"
    data-field-name="radioField"
  >
    <legend
      class="lfr-ddm-legend"
    >
      text
    </legend>
    <div
      class="ddm-radio"
    >
      <div
        class="custom-control custom-radio"
      >
        <label>
          <input
            class="custom-control-input"
            name="radioField"
            role="radio"
            type="radio"
            value="option1"
          />
          <span
            class="custom-control-label"
          >
            <span
              class="custom-control-label-text"
            >
              Option 1
            </span>
          </span>
        </label>
      </div>
      <div
        class="custom-control custom-radio"
      >
        <label>
          <input
            class="custom-control-input"
            name="radioField"
            role="radio"
            type="radio"
            value="option2"
          />
          <span
            class="custom-control-label"
          >
            <span
              class="custom-control-label-text"
            >
              Option 2
            </span>
          </span>
        </label>
      </div>
    </div>
  </div>
</div>
`;

exports[`Field Radio renders no options when options is empty 1`] = `
<div>
  <div
    class="form-group hide"
    data-field-name="radioField"
  >
    <legend
      class="lfr-ddm-legend"
    />
    <div
      class="ddm-radio"
    />
  </div>
</div>
`;

exports[`Field Radio renders options 1`] = `
<div>
  <div
    class="form-group hide"
    data-field-name="radioField"
  >
    <legend
      class="lfr-ddm-legend"
    />
    <div
      class="ddm-radio"
    >
      <div
        class="custom-control custom-radio"
      >
        <label>
          <input
            class="custom-control-input"
            name="radioField"
            role="radio"
            type="radio"
            value="item"
          />
          <span
            class="custom-control-label"
          >
            <span
              class="custom-control-label-text"
            >
              label
            </span>
          </span>
        </label>
      </div>
      <div
        class="custom-control custom-radio"
      >
        <label>
          <input
            class="custom-control-input"
            name="radioField"
            role="radio"
            type="radio"
            value="item2"
          />
          <span
            class="custom-control-label"
          >
            <span
              class="custom-control-label-text"
            >
              label2
            </span>
          </span>
        </label>
      </div>
    </div>
  </div>
</div>
`;
