// Jest Snapshot v1, https://goo.gl/fbAQLP

exports[`ClayEmptyState renders 1`] = `
<DocumentFragment>
  <div
    class="empty-state-root"
  >
    <img
      alt="Empty State Image"
      class="empty-state-image"
      src="/o/admin-theme/images/states/search_state.gif"
    />
    <div
      class="empty-state-title"
    >
      No Results Found
    </div>
    <div
      class="empty-state-description"
    >
      Sorry, no results were found.
    </div>
  </div>
</DocumentFragment>
`;
