// Jest Snapshot v1, https://goo.gl/fbAQLP

exports[`Should render component 1`] = `
<div
  className="pagination-results"
>
  showing-x-to-x-of-x-entries
</div>
`;

exports[`Should render component to second page 1`] = `
<div
  className="pagination-results"
>
  showing-x-to-x-of-x-entries
</div>
`;
