// Jest Snapshot v1, https://goo.gl/fbAQLP

exports[`Should render component 1`] = `
<MockRouter
  client={
    Object {
      "delete": [Function],
      "get": [Function],
      "post": [Function],
      "put": [Function],
    }
  }
>
  <MemoryRouter
    initialEntries={
      Array [
        Object {
          "match": Object {
            "params": Object {
              "page": 1,
              "search": undefined,
              "sort": undefined,
            },
          },
          "pathname": "/processes/1/10/title%3Aasc",
          "search": "?backPath=%2F",
        },
      ]
    }
    keyLength={0}
  >
    <Router
      history={
        Object {
          "action": "POP",
          "block": [Function],
          "canGo": [Function],
          "createHref": [Function],
          "entries": Array [
            Object {
              "hash": "",
              "match": Object {
                "params": Object {
                  "page": 1,
                  "search": undefined,
                  "sort": undefined,
                },
              },
              "pathname": "/processes/1/10/title%3Aasc",
              "search": "?backPath=%2F",
            },
          ],
          "go": [Function],
          "goBack": [Function],
          "goForward": [Function],
          "index": 0,
          "length": 1,
          "listen": [Function],
          "location": Object {
            "hash": "",
            "match": Object {
              "params": Object {
                "page": 1,
                "search": undefined,
                "sort": undefined,
              },
            },
            "pathname": "/processes/1/10/title%3Aasc",
            "search": "?backPath=%2F",
          },
          "push": [Function],
          "replace": [Function],
        }
      }
    >
      <CompletedItemsCard
        processId="35315"
      >
        <ProcessItemsCard
          completed={true}
          description="Completed workflow items are counted and categorized by their SLA status."
          filter={
            Object {
              "defaultItem": null,
              "hideControl": true,
              "items": Array [],
              "key": "timeRange",
              "multiple": false,
              "name": "Completion Period",
            }
          }
          processId="35315"
          timeRange={null}
          title="Completed Items"
        >
          <Panel>
            <div
              className="container-fluid-1280 mt-4"
            >
              <div
                className="panel panel-secondary"
              >
                <Header
                  elementClasses={
                    Array [
                      "dashboard-panel-header",
                      "pb-0",
                    ]
                  }
                >
                  <div
                    className="panel-header dashboard-panel-header pb-0"
                  >
                    <div>
                      <div
                        className="autofit-row"
                      >
                        <div
                          className="autofit-col autofit-col-expand flex-row"
                        >
                          <span
                            className="mr-3"
                          >
                            Completed Items
                          </span>
                          <Tooltip
                            message="Completed workflow items are counted and categorized by their SLA status."
                            position="right"
                            width="288"
                          >
                            <span
                              className="workflow-tooltip"
                              onMouseLeave={[Function]}
                            >
                              <span
                                className="tooltip-trigger"
                                onMouseOver={[Function]}
                              >
                                <Icon
                                  iconName="question-circle-full"
                                >
                                  <svg
                                    className="lexicon-icon lexicon-icon-question-circle-full"
                                    focusable="false"
                                    role="presentation"
                                  >
                                    <use
                                      href="http://localhost:8080/o/admin-theme/images/lexicon/icons.svg#question-circle-full"
                                    />
                                  </svg>
                                </Icon>
                              </span>
                            </span>
                          </Tooltip>
                        </div>
                        <div
                          className="autofit-col m-0 management-bar management-bar-light navbar"
                        >
                          <ul
                            className="navbar-nav"
                          >
                            <withRouter(Filter)
                              defaultItem={null}
                              filterKey="timeRange"
                              hideControl={true}
                              items={Array []}
                              key="timeRange"
                              multiple={false}
                              name="Completion Period"
                              position="right"
                            >
                              <Route>
                                <Filter
                                  defaultItem={null}
                                  filterKey="timeRange"
                                  hideControl={true}
                                  history={
                                    Object {
                                      "action": "POP",
                                      "block": [Function],
                                      "canGo": [Function],
                                      "createHref": [Function],
                                      "entries": Array [
                                        Object {
                                          "hash": "",
                                          "match": Object {
                                            "params": Object {
                                              "page": 1,
                                              "search": undefined,
                                              "sort": undefined,
                                            },
                                          },
                                          "pathname": "/processes/1/10/title%3Aasc",
                                          "search": "?backPath=%2F",
                                        },
                                      ],
                                      "go": [Function],
                                      "goBack": [Function],
                                      "goForward": [Function],
                                      "index": 0,
                                      "length": 1,
                                      "listen": [Function],
                                      "location": Object {
                                        "hash": "",
                                        "match": Object {
                                          "params": Object {
                                            "page": 1,
                                            "search": undefined,
                                            "sort": undefined,
                                          },
                                        },
                                        "pathname": "/processes/1/10/title%3Aasc",
                                        "search": "?backPath=%2F",
                                      },
                                      "push": [Function],
                                      "replace": [Function],
                                    }
                                  }
                                  items={Array []}
                                  location={
                                    Object {
                                      "hash": "",
                                      "match": Object {
                                        "params": Object {
                                          "page": 1,
                                          "search": undefined,
                                          "sort": undefined,
                                        },
                                      },
                                      "pathname": "/processes/1/10/title%3Aasc",
                                      "search": "?backPath=%2F",
                                    }
                                  }
                                  match={
                                    Object {
                                      "isExact": false,
                                      "params": Object {},
                                      "path": "/",
                                      "url": "/",
                                    }
                                  }
                                  multiple={false}
                                  name="Completion Period"
                                  position="right"
                                >
                                  <li
                                    className="dropdown nav-item"
                                  >
                                    <button
                                      aria-expanded={false}
                                      aria-haspopup="true"
                                      className="dropdown-toggle nav-link"
                                      onClick={[Function]}
                                      type="button"
                                    >
                                      <span
                                        className="mr-2 navbar-text-truncate"
                                      >
                                        Completion Period
                                      </span>
                                      <Icon
                                        iconName="caret-bottom"
                                      >
                                        <svg
                                          className="lexicon-icon lexicon-icon-caret-bottom"
                                          focusable="false"
                                          role="presentation"
                                        >
                                          <use
                                            href="http://localhost:8080/o/admin-theme/images/lexicon/icons.svg#caret-bottom"
                                          />
                                        </svg>
                                      </Icon>
                                    </button>
                                    <div
                                      className="dropdown-menu dropdown-menu-right"
                                      role="menu"
                                    >
                                      <FilterSearch
                                        filteredItems={Array []}
                                        onChange={[Function]}
                                        totalCount={0}
                                      >
                                        <ul
                                          className="list-unstyled"
                                        >
                                          <li>
                                            <span
                                              className="disabled dropdown-item"
                                            >
                                              No results were found.
                                            </span>
                                          </li>
                                        </ul>
                                        <ul
                                          className="list-unstyled"
                                        />
                                      </FilterSearch>
                                    </div>
                                  </li>
                                </Filter>
                              </Route>
                            </withRouter(Filter)>
                          </ul>
                        </div>
                      </div>
                    </div>
                  </div>
                </Header>
                <Body>
                  <div
                    className="panel-body"
                  >
                    <div
                      className="pb-6 pt-5"
                    >
                      <LoadingState>
                        <span
                          aria-hidden="true"
                          className="loading-animation"
                        />
                      </LoadingState>
                    </div>
                  </div>
                </Body>
              </div>
            </div>
          </Panel>
        </ProcessItemsCard>
      </CompletedItemsCard>
    </Router>
  </MemoryRouter>
</MockRouter>
`;

exports[`Should render component with failure state 1`] = `
<MockRouter
  client={
    Object {
      "delete": [Function],
      "get": [Function],
      "post": [Function],
      "put": [Function],
    }
  }
>
  <MemoryRouter
    initialEntries={
      Array [
        Object {
          "match": Object {
            "params": Object {
              "page": 1,
              "search": undefined,
              "sort": undefined,
            },
          },
          "pathname": "/processes/1/10/title%3Aasc",
          "search": "?backPath=%2F",
        },
      ]
    }
    keyLength={0}
  >
    <Router
      history={
        Object {
          "action": "POP",
          "block": [Function],
          "canGo": [Function],
          "createHref": [Function],
          "entries": Array [
            Object {
              "hash": "",
              "match": Object {
                "params": Object {
                  "page": 1,
                  "search": undefined,
                  "sort": undefined,
                },
              },
              "pathname": "/processes/1/10/title%3Aasc",
              "search": "?backPath=%2F",
            },
          ],
          "go": [Function],
          "goBack": [Function],
          "goForward": [Function],
          "index": 0,
          "length": 1,
          "listen": [Function],
          "location": Object {
            "hash": "",
            "match": Object {
              "params": Object {
                "page": 1,
                "search": undefined,
                "sort": undefined,
              },
            },
            "pathname": "/processes/1/10/title%3Aasc",
            "search": "?backPath=%2F",
          },
          "push": [Function],
          "replace": [Function],
        }
      }
    >
      <CompletedItemsCard
        processId="35315"
      >
        <ProcessItemsCard
          completed={true}
          description="Completed workflow items are counted and categorized by their SLA status."
          filter={
            Object {
              "defaultItem": null,
              "hideControl": true,
              "items": Array [],
              "key": "timeRange",
              "multiple": false,
              "name": "Completion Period",
            }
          }
          processId="35315"
          timeRange={null}
          title="Completed Items"
        >
          <Panel>
            <div
              className="container-fluid-1280 mt-4"
            >
              <div
                className="panel panel-secondary"
              >
                <Header
                  elementClasses={
                    Array [
                      "dashboard-panel-header",
                      "pb-0",
                    ]
                  }
                >
                  <div
                    className="panel-header dashboard-panel-header pb-0"
                  >
                    <div>
                      <div
                        className="autofit-row"
                      >
                        <div
                          className="autofit-col autofit-col-expand flex-row"
                        >
                          <span
                            className="mr-3"
                          >
                            Completed Items
                          </span>
                          <Tooltip
                            message="Completed workflow items are counted and categorized by their SLA status."
                            position="right"
                            width="288"
                          >
                            <span
                              className="workflow-tooltip"
                              onMouseLeave={[Function]}
                            >
                              <span
                                className="tooltip-trigger"
                                onMouseOver={[Function]}
                              >
                                <Icon
                                  iconName="question-circle-full"
                                >
                                  <svg
                                    className="lexicon-icon lexicon-icon-question-circle-full"
                                    focusable="false"
                                    role="presentation"
                                  >
                                    <use
                                      href="http://localhost:8080/o/admin-theme/images/lexicon/icons.svg#question-circle-full"
                                    />
                                  </svg>
                                </Icon>
                              </span>
                            </span>
                          </Tooltip>
                        </div>
                        <div
                          className="autofit-col m-0 management-bar management-bar-light navbar"
                        >
                          <ul
                            className="navbar-nav"
                          >
                            <withRouter(Filter)
                              defaultItem={null}
                              filterKey="timeRange"
                              hideControl={true}
                              items={Array []}
                              key="timeRange"
                              multiple={false}
                              name="Completion Period"
                              position="right"
                            >
                              <Route>
                                <Filter
                                  defaultItem={null}
                                  filterKey="timeRange"
                                  hideControl={true}
                                  history={
                                    Object {
                                      "action": "POP",
                                      "block": [Function],
                                      "canGo": [Function],
                                      "createHref": [Function],
                                      "entries": Array [
                                        Object {
                                          "hash": "",
                                          "match": Object {
                                            "params": Object {
                                              "page": 1,
                                              "search": undefined,
                                              "sort": undefined,
                                            },
                                          },
                                          "pathname": "/processes/1/10/title%3Aasc",
                                          "search": "?backPath=%2F",
                                        },
                                      ],
                                      "go": [Function],
                                      "goBack": [Function],
                                      "goForward": [Function],
                                      "index": 0,
                                      "length": 1,
                                      "listen": [Function],
                                      "location": Object {
                                        "hash": "",
                                        "match": Object {
                                          "params": Object {
                                            "page": 1,
                                            "search": undefined,
                                            "sort": undefined,
                                          },
                                        },
                                        "pathname": "/processes/1/10/title%3Aasc",
                                        "search": "?backPath=%2F",
                                      },
                                      "push": [Function],
                                      "replace": [Function],
                                    }
                                  }
                                  items={Array []}
                                  location={
                                    Object {
                                      "hash": "",
                                      "match": Object {
                                        "params": Object {
                                          "page": 1,
                                          "search": undefined,
                                          "sort": undefined,
                                        },
                                      },
                                      "pathname": "/processes/1/10/title%3Aasc",
                                      "search": "?backPath=%2F",
                                    }
                                  }
                                  match={
                                    Object {
                                      "isExact": false,
                                      "params": Object {},
                                      "path": "/",
                                      "url": "/",
                                    }
                                  }
                                  multiple={false}
                                  name="Completion Period"
                                  position="right"
                                >
                                  <li
                                    className="dropdown nav-item"
                                  >
                                    <button
                                      aria-expanded={false}
                                      aria-haspopup="true"
                                      className="dropdown-toggle nav-link"
                                      onClick={[Function]}
                                      type="button"
                                    >
                                      <span
                                        className="mr-2 navbar-text-truncate"
                                      >
                                        Completion Period
                                      </span>
                                      <Icon
                                        iconName="caret-bottom"
                                      >
                                        <svg
                                          className="lexicon-icon lexicon-icon-caret-bottom"
                                          focusable="false"
                                          role="presentation"
                                        >
                                          <use
                                            href="http://localhost:8080/o/admin-theme/images/lexicon/icons.svg#caret-bottom"
                                          />
                                        </svg>
                                      </Icon>
                                    </button>
                                    <div
                                      className="dropdown-menu dropdown-menu-right"
                                      role="menu"
                                    >
                                      <FilterSearch
                                        filteredItems={Array []}
                                        onChange={[Function]}
                                        totalCount={0}
                                      >
                                        <ul
                                          className="list-unstyled"
                                        >
                                          <li>
                                            <span
                                              className="disabled dropdown-item"
                                            >
                                              No results were found.
                                            </span>
                                          </li>
                                        </ul>
                                        <ul
                                          className="list-unstyled"
                                        />
                                      </FilterSearch>
                                    </div>
                                  </li>
                                </Filter>
                              </Route>
                            </withRouter(Filter)>
                          </ul>
                        </div>
                      </div>
                    </div>
                  </div>
                </Header>
                <Body>
                  <div
                    className="panel-body"
                  >
                    <div
                      className="pb-6 pt-5"
                    >
                      <LoadingState>
                        <span
                          aria-hidden="true"
                          className="loading-animation"
                        />
                      </LoadingState>
                    </div>
                  </div>
                </Body>
              </div>
            </div>
          </Panel>
        </ProcessItemsCard>
      </CompletedItemsCard>
    </Router>
  </MemoryRouter>
</MockRouter>
`;
