// Jest Snapshot v1, https://goo.gl/fbAQLP

exports[`Field Numeric has a helptext 1`] = `
<div>
  <div
    class="form-group hide"
    data-field-name="numericField"
  >
    <input
      aria-label="numeric"
      class="form-control"
      id="numericField"
      name="numericField"
      type="text"
      value=""
    />
    <span
      class="form-text"
    >
      Type something
    </span>
  </div>
</div>
`;

exports[`Field Numeric has a key 1`] = `
<div>
  <div
    class="form-group hide"
    data-field-name="numericField"
  >
    <input
      aria-label="numeric"
      class="form-control"
      id="numericField"
      name="numericField"
      type="text"
      value=""
    />
  </div>
</div>
`;

exports[`Field Numeric has a label 1`] = `
<div>
  <div
    class="form-group hide"
    data-field-name="numericField"
  >
    <label
      class="ddm-label"
      for="numericField"
    >
      label
    </label>
    <input
      aria-label="numeric"
      class="form-control"
      id="numericField"
      name="numericField"
      type="text"
      value=""
    />
  </div>
</div>
`;

exports[`Field Numeric has a placeholder 1`] = `
<div>
  <div
    class="form-group hide"
    data-field-name="numericField"
  >
    <input
      aria-label="numeric"
      class="form-control"
      id="numericField"
      name="numericField"
      placeholder="Placeholder"
      type="text"
      value=""
    />
  </div>
</div>
`;

exports[`Field Numeric has a value 1`] = `
<div>
  <div
    class="form-group hide"
    data-field-name="numericField"
  >
    <input
      aria-label="numeric"
      class="form-control"
      id="numericField"
      name="numericField"
      type="text"
      value="123"
    />
  </div>
</div>
`;

exports[`Field Numeric has an id 1`] = `
<div>
  <div
    class="form-group hide"
    data-field-name="numericField"
  >
    <input
      aria-label="numeric"
      class="form-control"
      id="ID"
      name="numericField"
      type="text"
      value=""
    />
  </div>
</div>
`;

exports[`Field Numeric is not readOnly 1`] = `
<div>
  <div
    class="form-group hide"
    data-field-name="numericField"
  >
    <input
      aria-label="numeric"
      class="form-control"
      id="numericField"
      name="numericField"
      type="text"
      value=""
    />
  </div>
</div>
`;

exports[`Field Numeric is not required 1`] = `
<div>
  <div
    class="form-group hide"
    data-field-name="numericField"
  >
    <input
      aria-label="numeric"
      class="form-control"
      id="numericField"
      name="numericField"
      type="text"
      value=""
    />
  </div>
</div>
`;

exports[`Field Numeric renders Label if showLabel is true 1`] = `
<div>
  <div
    class="form-group hide"
    data-field-name="numericField"
  >
    <label
      class="ddm-label"
      for="numericField"
    >
      Numeric Field
    </label>
    <input
      aria-label="numeric"
      class="form-control"
      id="numericField"
      name="numericField"
      type="text"
      value=""
    />
  </div>
</div>
`;

exports[`Field Numeric renders the default markup 1`] = `
<div>
  <div
    class="form-group hide"
    data-field-name="numericField"
  >
    <input
      aria-label="numeric"
      class="form-control"
      id="numericField"
      name="numericField"
      type="text"
      value=""
    />
  </div>
</div>
`;
